Script started on Sun 02 Sep 2018 07:52:22 PM EDT
[?1034hbash-4.2$ cd ~/os161/root
bash-4.2$ os161-gdb kernel
[?1034hGNU gdb 6.6
Copyright (C) 2006 Free Software Foundation, Inc.
GDB is free software, covered by the GNU General Public License, and you are
welcome to change it and/or distribute copies of it under certain conditions.
Type "show copying" to see the conditions.
There is absolutely no warranty for GDB.  Type "show warranty" for details.
This GDB was configured as "--host=x86_64-unknown-linux-gnu --target=mips-harvard-os161"...
(gdb) dir ../os161-1.11/kern/compile/ASST0
Warning: /home/ithiruna/os161/root/../os161-1.11/kern/compile/ASST0: No such file or directory.
Source directories searched: /home/ithiruna/os161/root/../os161-1.11/kern/compile/ASST0:$cdir:$cwd
(gdb) target remote unix:.sockets/gdb
Remote debugging using unix:.sockets/gdb
[New Thread 10]
__start () at ../../arch/sys161/main/start.S:54
54	../../arch/sys161/main/start.S: No such file or directory.
	in ../../arch/sys161/main/start.S
Current language:  auto; currently asm
(gdb) break menu
Breakpoint 1 at 0x8001577c: file ../../main/menu.c, line 712.
(gdb) c
Continuing.

Breakpoint 1, menu (args=0x80037390 "") at ../../main/menu.c:712
712		menu_execute(args, 1);
Current language:  auto; currently c
(gdb) where
#0  menu (args=0x80037390 "") at ../../main/menu.c:712
#1  0xffffffff80014650 in kmain (arguments=0x80037390 "")
    at ../../main/main.c:214
#2  0xffffffff8002ef1c in __start () at ../../arch/sys161/main/start.S:216
(gdb) detacc[Kh
Ending remote debugging.
(gdb) quit
bash-4.2$ mv [K[K[Kexit
exit

Script done on Sun 02 Sep 2018 07:53:52 PM EDT
